reg__32: 
reg__31: 
reg__29: 
reg__5: 
datapath__13: 
Transmitter: 
reg__30: 
datapath__22: 
logic__4: 
case__18: 
logic__32: 
reg__34: 
logic__67: 
datapath: 
datapath__20: 
fullAdder: 
case__56: 
muxpart__1: 
datapath__16: 
datapath__9: 
logic__39: 
logic__9: 
datapath__6: 
datapath__3: 
logic__10: 
datapath__25: 
case__41: 
case__23: 
case__40: 
reg__14: 
case__19: 
case__44: 
case__37: 
case__39: 
case__24: 
reg__23: 
logic__35: 
counter: 
datapath__18: 
datapath__32: 
reg__26: 
dsp48e1__3: 
reg: 
baud_rate_generator: 
reg__7: 
reg__33: 
case__43: 
reg__15: 
case__20: 
logic__1: 
logic__41: 
reg__20: 
dsp48e1__1: 
case__3: 
reg__11: 
logic__36: 
logic__7: 
case__22: 
logic__40: 
logic__11: 
case__4: 
datapath__23: 
datapath__11: 
datapath__2: 
case__5: 
case__42: 
reg__17: 
case__25: 
reg__1: 
datapath__4: 
logic__66: 
case__38: 
case__15: 
case__2: 
dsp48e1: 
logic__2: 
case__52: 
logic__87: 
datapath__19: 
muxpart__12: 
case__46: 
dsp48e1__4: 
logic__6: 
logic__37: 
reg__19: 
datapath__10: 
datapath__8: 
reg__25: 
case__60: 
case__58: 
reg__2: 
Receiver: 
case: 
datapath__14: 
reg__27: 
logic__72: 
case__17: 
case__49: 
reg__13: 
case__51: 
case__47: 
reg__21: 
logic: 
muxpart: 
dsp48e1__5: 
reg__12: 
reg__16: 
case__16: 
datapath__5: 
muxpart__11: 
case__45: 
case__54: 
case__1: 
reg__24: 
reg__6: 
case__21: 
datapath__29: 
logic__5: 
case__57: 
reg__18: 
reg__22: 
case__50: 
logic__79: 
dsp48e1__2: 
datapath__27: 
muxpart__23: 
counter__1: 
case__53: 
TranAndRecei: 
muxpart__2: 
case__55: 
logic__76: 
reg__28: 
datapath__1: 
datapath__7: 
datapath__30: 
reg__8: 
